// Jest Snapshot v1, https://goo.gl/fbAQLP

exports[`createPage(Component, key = "", actions = {}) 1`] = `
Array [
  " ",
  <div />,
  " ",
]
`;
